// Jest Snapshot v1, https://goo.gl/fbAQLP

exports[`addEmployee should render the form 1`] = `
<div>
  <main>
    <form
      class="w-1/2"
    >
      <label>
        <span>
          Name:
        </span>
        <input
          required=""
          type="text"
          value=""
        />
      </label>
      <label>
        <span>
          Email:
        </span>
        <input
          required=""
          type="text"
          value=""
        />
      </label>
      <label>
        <span>
          Title:
        </span>
        <input
          required=""
          type="text"
          value=""
        />
      </label>
      <label>
        <span>
          Branch:
        </span>
        <input
          required=""
          type="text"
          value=""
        />
      </label>
      <label>
        <span>
          Team:
        </span>
        <input
          required=""
          type="text"
          value=""
        />
      </label>
      <label>
        <span>
          Image:
        </span>
        <input
          required=""
          type="text"
          value=""
        />
      </label>
      <label>
        <span>
          Know More:
        </span>
        <input
          required=""
          type="text"
          value=""
        />
      </label>
      <button
        class="btn-primary"
      >
        <span>
          Submit
        </span>
      </button>
    </form>
  </main>
</div>
`;
